// Jest Snapshot v1, https://goo.gl/fbAQLP

exports[`components/Dropdown/DropdownBlockLink should add a checked checkbox when isItemSelected is true 1`] = `
<DropdownBlockLink
  isItemSelected={true}
  isLink={true}
  isMultiSelect={true}
  onMouseEnter={[Function]}
  onMouseLeave={[Function]}
>
  <div
    className="link oui-dropdown__block-link"
    onMouseEnter={[Function]}
    onMouseLeave={[Function]}
    style={Object {}}
  >
    <Checkbox
      defaultChecked={true}
      isDisabled={false}
      label="foo"
      labelWeight="normal"
      onChange={[Function]}
    >
      <Label>
        <label
          className={null}
          data-oui-component={true}
        >
          <div
            className="flex"
          >
            <input
              className="flex--none"
              data-oui-component={true}
              defaultChecked={true}
              disabled={false}
              onChange={[Function]}
              style={
                Object {
                  "marginTop": "0.35em",
                }
              }
              type="checkbox"
            />
            <div
              className="flush--bottom push--left weight--normal cursor--pointer"
            >
              foo
            </div>
          </div>
        </label>
      </Label>
    </Checkbox>
  </div>
</DropdownBlockLink>
`;
